2024-04-22 18:53:20,834 - ERROR - ERROR message
2024-04-22 18:53:21,835 - ERROR - ERROR message
2024-04-22 18:53:22,836 - DEBUG - DEBUG message
2024-04-22 18:53:23,838 - INFO - INFO message
2024-04-22 18:53:24,839 - DEBUG - DEBUG message
2024-04-22 18:53:25,840 - INFO - INFO message
2024-04-22 18:53:26,841 - INFO - INFO message
2024-04-22 18:53:27,842 - ERROR - ERROR message
2024-04-22 18:53:28,842 - INFO - INFO message
2024-04-22 18:53:29,843 - INFO - INFO message
2024-04-22 18:53:30,845 - ERROR - ERROR message
2024-04-22 18:53:31,846 - DEBUG - DEBUG message
2024-04-22 18:53:32,847 - DEBUG - DEBUG message
2024-04-22 18:53:33,848 - INFO - INFO message
2024-04-22 18:53:34,849 - INFO - INFO message
2024-04-22 18:53:35,851 - DEBUG - DEBUG message
2024-04-22 18:53:36,852 - INFO - INFO message
2024-04-22 18:53:37,853 - ERROR - ERROR message
2024-04-22 18:53:38,854 - ERROR - ERROR message
2024-04-22 18:53:39,855 - INFO - INFO message
2024-04-22 18:53:40,857 - ERROR - ERROR message
2024-04-22 18:53:41,858 - ERROR - ERROR message
2024-04-22 18:53:42,858 - INFO - INFO message
2024-04-22 18:53:43,859 - DEBUG - DEBUG message
2024-04-22 18:53:44,860 - DEBUG - DEBUG message
2024-04-22 18:53:45,862 - ERROR - ERROR message
2024-04-22 18:53:46,862 - DEBUG - DEBUG message
2024-04-22 18:53:47,863 - INFO - INFO message
2024-04-22 18:53:48,865 - DEBUG - DEBUG message
2024-04-22 18:53:49,866 - ERROR - ERROR message
